[mobij.bizwebvietnam.net/gioi-thieu.html]
[bizweb.dktcdn.net/100/341/423/themes/700222/assets/favicon002a.png]
[backblue.gif]
[fade.gif]
[index.html]
[stats.bizweb.vn/delivery/341423e034.js]
[maxcdn.bootstrapcdn.com/font-awesome/4.5.0/css/font-awesome.min.css]
[cdnjs.cloudflare.com/ajax/libs/ionicons/4.4.1/css/ionicons.css]
[bizweb.dktcdn.net/100/341/423/themes/700222/assets/plugin.scss002a.css]
[bizweb.dktcdn.net/100/341/423/themes/700222/assets/base.scss002a.css]
[bizweb.dktcdn.net/100/341/423/themes/700222/assets/style.scss002a.css]
[bizweb.dktcdn.net/100/341/423/themes/700222/assets/module.scss002a.css]
[bizweb.dktcdn.net/100/341/423/themes/700222/assets/responsive.scss002a.css]
[bizweb.dktcdn.net/100/341/423/themes/700222/assets/i_menubar002a.png]
[bizweb.dktcdn.net/100/341/423/themes/700222/assets/logo002a.png]
[bizweb.dktcdn.net/100/341/423/themes/700222/assets/cart-icon002a.png]
[bizweb.dktcdn.net/100/341/423/themes/700222/assets/bpr-products-module002a.css]
[bizweb.dktcdn.net/100/341/423/themes/700222/assets/logofooter002a.png]
[bizweb.dktcdn.net/100/341/423/themes/700222/assets/loading-icon002a.png]
[bizweb.dktcdn.net/100/341/423/themes/700222/assets/option-selectors002a.js]
[bizweb.dktcdn.net/assets/themes_support/api.jquerya87f.js]
[bizweb.dktcdn.net/100/341/423/themes/700222/assets/jquery-2.2.3.min002a.js]
[bizweb.dktcdn.net/100/341/423/themes/700222/assets/plugin002a.js]
[bizweb.dktcdn.net/100/341/423/themes/700222/assets/cs.script002a.js]
[bizweb.dktcdn.net/thumb/large/assets/themes_support/noimage.gif]
[bizweb.dktcdn.net/100/341/423/themes/700222/assets/quickview002a.js]
[mobij.bizwebvietnam.net/gioi-thieu.html]
[maxcdn.bootstrapcdn.com/font-awesome/4.5.0/css/font-awesome.min.css]
[cdnjs.cloudflare.com/ajax/libs/ionicons/4.4.1/css/ionicons.css]
[bizweb.dktcdn.net/100/341/423/themes/700222/assets/main002a.js]
[bizweb.dktcdn.net/100/341/423/themes/700222/assets/owl.video.play.19.delayed]
[bizweb.dktcdn.net/100/341/423/themes/700222/assets/plugin.scss002a.css]
[bizweb.dktcdn.net/100/341/423/themes/700222/assets/ico-select7f1e.png]
[bizweb.dktcdn.net/100/341/423/themes/700222/assets/base.scss002a.css]
[bizweb.dktcdn.net/100/341/423/themes/700222/assets/utm_bebas0c6e.woff]
[bizweb.dktcdn.net/100/341/423/themes/700222/assets/breadcrumb0c6e.png]
[bizweb.dktcdn.net/100/341/423/themes/700222/assets/user0c6e.png]
[bizweb.dktcdn.net/100/341/423/themes/700222/assets/background_footer0c6e.png]
[bizweb.dktcdn.net/100/341/423/themes/700222/assets/utm_bebas0c6e.ttf]
[bizweb.dktcdn.net/100/117/701/themes/571720/assets/btn-editb19b.png]
[bizweb.dktcdn.net/100/341/423/themes/700222/assets/style.scss002a.css]
[bizweb.dktcdn.net/100/341/423/themes/700222/assets/module.scss002a.css]
[bizweb.dktcdn.net/100/341/423/themes/700222/assets/responsive.scss002a.css]
[bizweb.dktcdn.net/100/341/423/themes/700222/assets/bpr-products-module002a.css]
[bizweb.dktcdn.net/100/341/423/themes/700222/assets/icon_fire7f1e.svg]
[s7.addthis.com/js/300/addthis_widget.js]
[bizweb.dktcdn.net/100/341/423/themes/700222/assets/owl.video.play.png]
[bizweb.dktcdn.net/100/117/701/themes/571720/assets/btn-editb19b.png]
[bizweb.dktcdn.net/100/341/423/themes/700222/assets/icon_fire7f1e.svg]
